// Vitest Snapshot v1, https://vitest.dev/guide/snapshot.html

exports[`renders card properly 1`] = `
<div>
  <div
    data-testid="shop-item"
  >
    <img
      alt="Insert image here"
      src="/src/assets/urban.png"
    />
    <p>
      $
      0
    </p>
    <p>
      name
    </p>
  </div>
</div>
`;
